--- /Users/tony/Desktop/cpp_containers/logs/20251112_140945_vector_unit_std.log	2025-11-12 14:09:48
+++ /Users/tony/Desktop/cpp_containers/logs/20251112_140945_vector_unit_ft.log	2025-11-12 14:09:48
@@ -15,12 +15,12 @@
 v_default.size(): 0
 v_filled: 42 42 42 42 42 
 v_range: 1 2 3 4 
-v_copy == v_range ? true
+v_copy == v_range ? false
 
 ------------------ [Assignment operator] ------------------
 
-v_assign.size(): 5
-v_assign[2]: 42
+v_assign.size(): 0
+v_assign[2]: 0
 
 --------------------- [Capacity test] ---------------------
 
@@ -32,12 +32,12 @@
 --------------------- [Element access] ---------------------
 
 front: KU
-back:  ft_containers
+back:  
 All elements: KU CSE ft_containers 
 
 ---------------- [Exception test for at()] ----------------
 
-Caught exception: vector
+Caught exception: vector::at
 
 
 ============================================================
