--- /Users/tony/Desktop/cpp_containers/logs/20251112_140629_vector_unit_std.log	2025-11-12 14:06:31
+++ /Users/tony/Desktop/cpp_containers/logs/20251112_140629_vector_unit_ft.log	2025-11-12 14:06:31
@@ -12,15 +12,19 @@
 
 ---------------------- [Constructors] ----------------------
 
+
+FORWARD ITERATOR CALLED
+
+4
 v_default.size(): 0
 v_filled: 42 42 42 42 42 
-v_range: 1 2 3 4 
+v_range: 
 v_copy == v_range ? true
 
 ------------------ [Assignment operator] ------------------
 
-v_assign.size(): 5
-v_assign[2]: 42
+v_assign.size(): 0
+v_assign[2]: 0
 
 --------------------- [Capacity test] ---------------------
 
@@ -32,62 +36,10 @@
 --------------------- [Element access] ---------------------
 
 front: KU
-back:  ft_containers
+back:  
 All elements: KU CSE ft_containers 
 
 ---------------- [Exception test for at()] ----------------
 
-Caught exception: vector
+Caught exception: vector::at
 
-
-============================================================
->>> TEST FILE: test_vector_modifiers
-============================================================
-
-
------------------- [push_back / pop_back] ------------------
-
-push_back(10), size: 1, capacity: 1
-push_back(20), size: 2, capacity: 2
-push_back(30), size: 3, capacity: 4
-push_back(40), size: 4, capacity: 4
-push_back(50), size: 5, capacity: 8
-
--------------------- [After push_back] --------------------
-
-10 20 30 40 50 
-
-------------------- [After pop_back x2] -------------------
-
-10 20 30 
-size: 3, capacity: 8
-
-
---------------------- [insert / erase] ---------------------
-
-After insert(99) at index 1:
-10 99 20 30 
-Inserted element: 99
-After erase(index 2):
-10 99 30 
-
----------------- [clear / resize / reserve] ----------------
-
-Before clear(): size = 3, capacity = 8
-After clear(): size = 0, capacity = 8
-After resize(3, 7): 7 7 7  (size=3, cap=8)
-After reserve(10): capacity = 10
-
----------- [Iterators (begin, end, rbegin, rend)] ----------
-
-Forward iteration: A B C 
-Reverse iteration: C B A 
-
------- [Comparison operators (==, !=, <, <=, >, >=)] ------
-
-true
-true
-true
-true
-true
-true
